=== crucible headless capture 2026-07-27T21:29:37+01:00 ===
=== cmd: ./bench/scripts/run_one.sh 10-core-to-core ===
--- dropping to multi-user.target ---
Warning: The unit file, source configuration file or drop-ins of multi-user.target changed on disk. Run 'systemctl daemon-reload' to reload units.
--- quiescing services + forcing performance governor ---
--- machine state at capture time ---
isolated:   1-7
nohz_full:  1-7
smt/active: 0
boost:      cpb=0  (0 = boost off)
governor:   performance  (all 8 verified above)
graphical:  inactive
-------------------------------------
CRUCIBLE_TURBO=off  (cpb=0 on 8 CPU(s); MAXMHZ=4560 MHz — advisory)
==> Setting CPU governor to performance...
==> Building 10-core-to-core...
-- Configuring done (0.7s)
-- Generating done (0.2s)
-- Build files have been written to: /home/gcooke/Development/Crucible/bench/build
==> Re-asserting capture preconditions (not skippable for demo 10)...
CRUCIBLE_TURBO=off  (cpb=0 on 8 CPU(s); MAXMHZ=4560 MHz — advisory)
==> Setting CPU governor to performance...
==> Resetting cset shield (demo 10 needs all 8 cores, core 0 included)...
==> Capturing the 8x8 matrix (28 pairs x 20 placements + baselines)...
==== demo 10 — core-to-core ping-pong ====
isolated cores : 1-7   nohz_full: 1-7
graphical.target: inactive
TSC->ns factor : 0.256409 ns/cycle  (~3.900 GHz invariant TSC)
invariant TSC  : constant_tsc=yes nonstop_tsc=yes
arena pool     : 20 x 2 MiB independent private mappings, held live simultaneously
                 (distinct physical frames by construction) — 20/20 THP-backed
  arena  0     : 0x7bb033400000  THP (AnonHugePages=2048 kB)
  arena  1     : 0x7bb033000000  THP (AnonHugePages=2048 kB)
  arena  2     : 0x7bb032c00000  THP (AnonHugePages=2048 kB)
  arena  3     : 0x7bb032800000  THP (AnonHugePages=2048 kB)
  arena  4     : 0x7bb032400000  THP (AnonHugePages=2048 kB)
  arena  5     : 0x7bb032000000  THP (AnonHugePages=2048 kB)
  arena  6     : 0x7bb031c00000  THP (AnonHugePages=2048 kB)
  arena  7     : 0x7bb031800000  THP (AnonHugePages=2048 kB)
  arena  8     : 0x7bb031400000  THP (AnonHugePages=2048 kB)
  arena  9     : 0x7bb031000000  THP (AnonHugePages=2048 kB)
  arena 10     : 0x7bb030c00000  THP (AnonHugePages=2048 kB)
  arena 11     : 0x7bb030800000  THP (AnonHugePages=2048 kB)
  arena 12     : 0x7bb030400000  THP (AnonHugePages=2048 kB)
  arena 13     : 0x7bb030000000  THP (AnonHugePages=2048 kB)
  arena 14     : 0x7bb02fc00000  THP (AnonHugePages=2048 kB)
  arena 15     : 0x7bb02f800000  THP (AnonHugePages=2048 kB)
  arena 16     : 0x7bb02f400000  THP (AnonHugePages=2048 kB)
  arena 17     : 0x7bb02f000000  THP (AnonHugePages=2048 kB)
  arena 18     : 0x7bb02ec00000  THP (AnonHugePages=2048 kB)
  arena 19     : 0x7bb02e800000  THP (AnonHugePages=2048 kB)
sh: 1: cannot open /proc/device-tree/model: No such file
capture: 8 cores, 28 unordered pairs, 20 placements/cell (one per pool arena), K=1000, windows=20, warmup=5
  baseline core 0...
  baseline core 1...
  baseline core 2...
  baseline core 3...
  baseline core 4...
  baseline core 5...
  baseline core 6...
  baseline core 7...
  pair (0,1)...
  pair (0,2)...
  pair (0,3)...
  pair (0,4)...
  pair (0,5)...
  pair (0,6)...
  pair (0,7)...
  pair (1,2)...
  pair (1,3)...
  pair (1,4)...
  pair (1,5)...
  pair (1,6)...
  pair (1,7)...
  pair (2,3)...
  pair (2,4)...
  pair (2,5)...
  pair (2,6)...
  pair (2,7)...
  pair (3,4)...
  pair (3,5)...
  pair (3,6)...
  pair (3,7)...
  pair (4,5)...
  pair (4,6)...
  pair (4,7)...
  pair (5,6)...
  pair (5,7)...
  pair (6,7)...
==> Capturing the slice-sweep exhibit (full 2 MiB huge page)...
==== demo 10 — core-to-core ping-pong ====
isolated cores : 1-7   nohz_full: 1-7
graphical.target: inactive
TSC->ns factor : 0.256409 ns/cycle  (~3.900 GHz invariant TSC)
invariant TSC  : constant_tsc=yes nonstop_tsc=yes
arena pool     : 1 x 2 MiB independent private mappings, held live simultaneously
                 (distinct physical frames by construction) — 1/1 THP-backed
  arena  0     : 0x733001c00000  THP (AnonHugePages=2048 kB)
sh: 1: cannot open /proc/device-tree/model: No such file
slice sweep: intra (1,2), cross (1,4), range=2097024 B, step=64
  sweeping pair (1,2)...
  sweeping pair (1,4)...
==> Capturing the protocol-comparison exhibit (exchange vs twoflag)...
==== demo 10 — core-to-core ping-pong ====
isolated cores : 1-7   nohz_full: 1-7
graphical.target: inactive
TSC->ns factor : 0.256409 ns/cycle  (~3.900 GHz invariant TSC)
invariant TSC  : constant_tsc=yes nonstop_tsc=yes
arena pool     : 20 x 2 MiB independent private mappings, held live simultaneously
                 (distinct physical frames by construction) — 20/20 THP-backed
  arena  0     : 0x7bd6b2a00000  THP (AnonHugePages=2048 kB)
  arena  1     : 0x7bd6b2600000  THP (AnonHugePages=2048 kB)
  arena  2     : 0x7bd6b2200000  THP (AnonHugePages=2048 kB)
  arena  3     : 0x7bd6b1e00000  THP (AnonHugePages=2048 kB)
  arena  4     : 0x7bd6b1a00000  THP (AnonHugePages=2048 kB)
  arena  5     : 0x7bd6b1600000  THP (AnonHugePages=2048 kB)
  arena  6     : 0x7bd6b1200000  THP (AnonHugePages=2048 kB)
  arena  7     : 0x7bd6b0e00000  THP (AnonHugePages=2048 kB)
  arena  8     : 0x7bd6b0a00000  THP (AnonHugePages=2048 kB)
  arena  9     : 0x7bd6b0600000  THP (AnonHugePages=2048 kB)
  arena 10     : 0x7bd6b0200000  THP (AnonHugePages=2048 kB)
  arena 11     : 0x7bd6afe00000  THP (AnonHugePages=2048 kB)
  arena 12     : 0x7bd6afa00000  THP (AnonHugePages=2048 kB)
  arena 13     : 0x7bd6af600000  THP (AnonHugePages=2048 kB)
  arena 14     : 0x7bd6af200000  THP (AnonHugePages=2048 kB)
  arena 15     : 0x7bd6aee00000  THP (AnonHugePages=2048 kB)
  arena 16     : 0x7bd6aea00000  THP (AnonHugePages=2048 kB)
  arena 17     : 0x7bd6ae600000  THP (AnonHugePages=2048 kB)
  arena 18     : 0x7bd6ae200000  THP (AnonHugePages=2048 kB)
  arena 19     : 0x7bd6ade00000  THP (AnonHugePages=2048 kB)
sh: 1: cannot open /proc/device-tree/model: No such file
  exchange pair (1,2)...
  exchange pair (1,4)...
  twoflag pair (1,2)...
  twoflag pair (1,4)...
==> Validating emitted JSON...
==> Matrix arena pool: 20/20 arenas THP-backed
==> Archiving the previous captures (second-capture convention, demos 05-08)...
    archived /home/gcooke/Development/Crucible/site/src/data/perf/10-core-to-core.json
          -> /home/gcooke/Development/Crucible/site/src/data/perf/archive/10-core-to-core_2026-07-27.json
    archived /home/gcooke/Development/Crucible/site/src/data/perf/10-core-to-core.slice-sweep.json
          -> /home/gcooke/Development/Crucible/site/src/data/perf/archive/10-core-to-core.slice-sweep_2026-07-27.json
    archived /home/gcooke/Development/Crucible/site/src/data/perf/10-core-to-core.protocol.json
          -> /home/gcooke/Development/Crucible/site/src/data/perf/archive/10-core-to-core.protocol_2026-07-27.json
==> Done: /home/gcooke/Development/Crucible/site/src/data/perf/10-core-to-core.json
          /home/gcooke/Development/Crucible/site/src/data/perf/10-core-to-core.slice-sweep.json
          /home/gcooke/Development/Crucible/site/src/data/perf/10-core-to-core.protocol.json
=== exit 0 ===
