=== crucible headless capture 2026-07-27T18:02:15+01:00 ===
=== cmd: ./bench/scripts/run_one.sh 10-core-to-core ===
--- dropping to multi-user.target ---
--- quiescing services + forcing performance governor ---
--- machine state at capture time ---
isolated:   1-7
nohz_full:  1-7
smt/active: 0
boost:      cpb=0  (0 = boost off)
governor:   performance  (all 8 verified above)
graphical:  inactive
-------------------------------------
CRUCIBLE_TURBO=off  (cpb=0 on 8 CPU(s); MAXMHZ=4560 MHz — advisory)
==> Setting CPU governor to performance...
==> Building 10-core-to-core...
-- Configuring done (0.4s)
-- Generating done (0.2s)
-- Build files have been written to: /home/gcooke/Development/Crucible/bench/build
==> Re-asserting capture preconditions (not skippable for demo 10)...
CRUCIBLE_TURBO=off  (cpb=0 on 8 CPU(s); MAXMHZ=4560 MHz — advisory)
==> Setting CPU governor to performance...
==> Resetting cset shield (demo 10 needs all 8 cores, core 0 included)...
==> Capturing the 8x8 matrix (28 pairs x 20 placements + baselines)...
==== demo 10 — core-to-core ping-pong ====
isolated cores : 1-7   nohz_full: 1-7
graphical.target: inactive
TSC->ns factor : 0.256407 ns/cycle  (~3.900 GHz invariant TSC)
invariant TSC  : constant_tsc=yes nonstop_tsc=yes
arena          : 2 MiB @ 0x7b4352800000 — THP obtained (AnonHugePages=2048 kB)
sh: 1: cannot open /proc/device-tree/model: No such file
capture: 8 cores, 28 unordered pairs, 20 placements/cell, K=1000, windows=20, warmup=5
  baseline core 0...
  baseline core 1...
  baseline core 2...
  baseline core 3...
  baseline core 4...
  baseline core 5...
  baseline core 6...
  baseline core 7...
  pair (0,1)...
  pair (0,2)...
  pair (0,3)...
  pair (0,4)...
  pair (0,5)...
  pair (0,6)...
  pair (0,7)...
  pair (1,2)...
  pair (1,3)...
  pair (1,4)...
  pair (1,5)...
  pair (1,6)...
  pair (1,7)...
  pair (2,3)...
  pair (2,4)...
  pair (2,5)...
  pair (2,6)...
  pair (2,7)...
  pair (3,4)...
  pair (3,5)...
  pair (3,6)...
  pair (3,7)...
  pair (4,5)...
  pair (4,6)...
  pair (4,7)...
  pair (5,6)...
  pair (5,7)...
  pair (6,7)...
==> Capturing the slice-sweep exhibit (full 2 MiB huge page)...
==== demo 10 — core-to-core ping-pong ====
isolated cores : 1-7   nohz_full: 1-7
graphical.target: inactive
TSC->ns factor : 0.256406 ns/cycle  (~3.900 GHz invariant TSC)
invariant TSC  : constant_tsc=yes nonstop_tsc=yes
arena          : 2 MiB @ 0x7b423da00000 — THP obtained (AnonHugePages=2048 kB)
sh: 1: cannot open /proc/device-tree/model: No such file
slice sweep: intra (1,2), cross (1,4), range=2097024 B, step=64
  sweeping pair (1,2)...
Terminated
Failed to start graphical.target: Transaction for graphical.target/start is destructive (avahi-daemon.socket has 'stop' job queued, but 'start' is included in transaction).
See system logs and 'systemctl status graphical.target' for details.
