=== crucible headless capture 2026-07-28T12:55:33+01:00 ===
=== cmd: ./bench/scripts/run_one.sh 10-core-to-core ===
--- dropping to multi-user.target ---
--- quiescing services + forcing performance governor ---
--- machine state at capture time ---
isolated:   1-7
nohz_full:  1-7
smt/active: 0
boost:      cpb=0  (0 = boost off)
governor:   performance  (all 8 verified above)
graphical:  inactive
-------------------------------------
CRUCIBLE_TURBO=off  (cpb=0 on 8 CPU(s); MAXMHZ=4560 MHz — advisory)
==> Setting CPU governor to performance...
==> Building 10-core-to-core...
-- Configuring done (0.5s)
-- Generating done (0.2s)
-- Build files have been written to: /home/gcooke/Development/Crucible/bench/build
==> Re-asserting capture preconditions (not skippable for demo 10)...
CRUCIBLE_TURBO=off  (cpb=0 on 8 CPU(s); MAXMHZ=4560 MHz — advisory)
==> Setting CPU governor to performance...
==> Resetting cset shield (demo 10 needs all 8 cores, core 0 included)...
==> Capturing the 8x8 matrix (28 pairs x 20 placements + baselines)...
==== demo 10 — core-to-core ping-pong ====
isolated cores : 1-7   nohz_full: 1-7
graphical.target: inactive
TSC->ns factor : 0.256418 ns/cycle  (~3.900 GHz invariant TSC)
invariant TSC  : constant_tsc=yes nonstop_tsc=yes
arena pool     : 20 x 2 MiB independent private mappings, held live simultaneously
                 (distinct physical frames by construction) — 20/20 THP-backed
  arena  0     : 0x7a4c76c00000  THP (AnonHugePages=2048 kB)
  arena  1     : 0x7a4c76800000  THP (AnonHugePages=2048 kB)
  arena  2     : 0x7a4c76400000  THP (AnonHugePages=2048 kB)
  arena  3     : 0x7a4c76000000  THP (AnonHugePages=2048 kB)
  arena  4     : 0x7a4c75c00000  THP (AnonHugePages=2048 kB)
  arena  5     : 0x7a4c75800000  THP (AnonHugePages=2048 kB)
  arena  6     : 0x7a4c75400000  THP (AnonHugePages=2048 kB)
  arena  7     : 0x7a4c75000000  THP (AnonHugePages=2048 kB)
  arena  8     : 0x7a4c74c00000  THP (AnonHugePages=2048 kB)
  arena  9     : 0x7a4c74800000  THP (AnonHugePages=2048 kB)
  arena 10     : 0x7a4c74400000  THP (AnonHugePages=2048 kB)
  arena 11     : 0x7a4c74000000  THP (AnonHugePages=2048 kB)
  arena 12     : 0x7a4c73c00000  THP (AnonHugePages=2048 kB)
  arena 13     : 0x7a4c73800000  THP (AnonHugePages=2048 kB)
  arena 14     : 0x7a4c73400000  THP (AnonHugePages=2048 kB)
  arena 15     : 0x7a4c73000000  THP (AnonHugePages=2048 kB)
  arena 16     : 0x7a4c72c00000  THP (AnonHugePages=2048 kB)
  arena 17     : 0x7a4c72800000  THP (AnonHugePages=2048 kB)
  arena 18     : 0x7a4c72400000  THP (AnonHugePages=2048 kB)
  arena 19     : 0x7a4c72000000  THP (AnonHugePages=2048 kB)
sh: 1: cannot open /proc/device-tree/model: No such file
capture: 8 cores, 28 unordered pairs, 20 placements/cell (one per pool arena), K=1000, windows=20, warmup=5
  baseline core 0...
  baseline core 1...
  baseline core 2...
  baseline core 3...
  baseline core 4...
  baseline core 5...
  baseline core 6...
  baseline core 7...
  pair (0,1)...
  pair (0,2)...
  pair (0,3)...
  pair (0,4)...
  pair (0,5)...
  pair (0,6)...
  pair (0,7)...
  pair (1,2)...
  pair (1,3)...
  pair (1,4)...
  pair (1,5)...
  pair (1,6)...
  pair (1,7)...
  pair (2,3)...
  pair (2,4)...
  pair (2,5)...
  pair (2,6)...
  pair (2,7)...
  pair (3,4)...
  pair (3,5)...
  pair (3,6)...
  pair (3,7)...
  pair (4,5)...
  pair (4,6)...
  pair (4,7)...
  pair (5,6)...
  pair (5,7)...
  pair (6,7)...
==> Capturing the slice-sweep exhibit (full 2 MiB huge page)...
==== demo 10 — core-to-core ping-pong ====
isolated cores : 1-7   nohz_full: 1-7
graphical.target: inactive
TSC->ns factor : 0.256417 ns/cycle  (~3.900 GHz invariant TSC)
invariant TSC  : constant_tsc=yes nonstop_tsc=yes
arena pool     : 1 x 2 MiB independent private mappings, held live simultaneously
                 (distinct physical frames by construction) — 1/1 THP-backed
  arena  0     : 0x788ffe800000  THP (AnonHugePages=2048 kB)
sh: 1: cannot open /proc/device-tree/model: No such file
slice sweep: intra (1,2), cross (1,4), range=2097024 B, step=64
  sweeping pair (1,2)...
  sweeping pair (1,4)...
==> Capturing the protocol-comparison exhibit (exchange vs twoflag)...
==== demo 10 — core-to-core ping-pong ====
isolated cores : 1-7   nohz_full: 1-7
graphical.target: inactive
TSC->ns factor : 0.256407 ns/cycle  (~3.900 GHz invariant TSC)
invariant TSC  : constant_tsc=yes nonstop_tsc=yes
arena pool     : 20 x 2 MiB independent private mappings, held live simultaneously
                 (distinct physical frames by construction) — 20/20 THP-backed
  arena  0     : 0x791a8dc00000  THP (AnonHugePages=2048 kB)
  arena  1     : 0x791a8d800000  THP (AnonHugePages=2048 kB)
  arena  2     : 0x791a8d400000  THP (AnonHugePages=2048 kB)
  arena  3     : 0x791a8d000000  THP (AnonHugePages=2048 kB)
  arena  4     : 0x791a8cc00000  THP (AnonHugePages=2048 kB)
  arena  5     : 0x791a8c800000  THP (AnonHugePages=2048 kB)
  arena  6     : 0x791a8c400000  THP (AnonHugePages=2048 kB)
  arena  7     : 0x791a8c000000  THP (AnonHugePages=2048 kB)
  arena  8     : 0x791a8bc00000  THP (AnonHugePages=2048 kB)
  arena  9     : 0x791a8b800000  THP (AnonHugePages=2048 kB)
  arena 10     : 0x791a8b400000  THP (AnonHugePages=2048 kB)
  arena 11     : 0x791a8b000000  THP (AnonHugePages=2048 kB)
  arena 12     : 0x791a8ac00000  THP (AnonHugePages=2048 kB)
  arena 13     : 0x791a8a800000  THP (AnonHugePages=2048 kB)
  arena 14     : 0x791a8a400000  THP (AnonHugePages=2048 kB)
  arena 15     : 0x791a8a000000  THP (AnonHugePages=2048 kB)
  arena 16     : 0x791a89c00000  THP (AnonHugePages=2048 kB)
  arena 17     : 0x791a89800000  THP (AnonHugePages=2048 kB)
  arena 18     : 0x791a89400000  THP (AnonHugePages=2048 kB)
  arena 19     : 0x791a89000000  THP (AnonHugePages=2048 kB)
sh: 1: cannot open /proc/device-tree/model: No such file
  exchange pair (1,2)...
  exchange pair (1,4)...
  twoflag pair (1,2)...
  twoflag pair (1,4)...
==> Validating emitted JSON...
==> Matrix arena pool: 20/20 arenas THP-backed
==> Cross-checking protocol exhibit vs matrix (exchange cells, 5% band)...
    exchange (1,2): exhibit 72.149 ns vs matrix 73.5072 ns — OK
    exchange (1,4): exhibit 158.8203 ns vs matrix 158.7896 ns — OK
==> Archiving the previous captures (second-capture convention, demos 05-08)...
    NOTE: 10-core-to-core_2026-07-27.json is already archived; this one goes to
          10-core-to-core_2026-07-27_2.json rather than replacing it.
    archived /home/gcooke/Development/Crucible/site/src/data/perf/10-core-to-core.json
          -> /home/gcooke/Development/Crucible/site/src/data/perf/archive/10-core-to-core_2026-07-27_2.json
    NOTE: 10-core-to-core.slice-sweep_2026-07-27.json is already archived; this one goes to
          10-core-to-core.slice-sweep_2026-07-27_2.json rather than replacing it.
    archived /home/gcooke/Development/Crucible/site/src/data/perf/10-core-to-core.slice-sweep.json
          -> /home/gcooke/Development/Crucible/site/src/data/perf/archive/10-core-to-core.slice-sweep_2026-07-27_2.json
    NOTE: 10-core-to-core.protocol_2026-07-27.json is already archived; this one goes to
          10-core-to-core.protocol_2026-07-27_2.json rather than replacing it.
    archived /home/gcooke/Development/Crucible/site/src/data/perf/10-core-to-core.protocol.json
          -> /home/gcooke/Development/Crucible/site/src/data/perf/archive/10-core-to-core.protocol_2026-07-27_2.json
==> Done: /home/gcooke/Development/Crucible/site/src/data/perf/10-core-to-core.json
          /home/gcooke/Development/Crucible/site/src/data/perf/10-core-to-core.slice-sweep.json
          /home/gcooke/Development/Crucible/site/src/data/perf/10-core-to-core.protocol.json
=== exit 0 ===
