=== crucible headless capture 2026-07-27T21:15:41+01:00 ===
=== cmd: ./bench/scripts/run_one.sh 10-core-to-core ===
--- dropping to multi-user.target ---
Warning: The unit file, source configuration file or drop-ins of multi-user.target changed on disk. Run 'systemctl daemon-reload' to reload units.
--- quiescing services + forcing performance governor ---
--- machine state at capture time ---
isolated:   1-7
nohz_full:  1-7
smt/active: 0
boost:      cpb=0  (0 = boost off)
governor:   performance  (all 8 verified above)
graphical:  inactive
-------------------------------------
CRUCIBLE_TURBO=off  (cpb=0 on 8 CPU(s); MAXMHZ=4560 MHz — advisory)
==> Setting CPU governor to performance...
==> Building 10-core-to-core...
-- Configuring done (0.4s)
-- Generating done (0.2s)
-- Build files have been written to: /home/gcooke/Development/Crucible/bench/build
==> Re-asserting capture preconditions (not skippable for demo 10)...
CRUCIBLE_TURBO=off  (cpb=0 on 8 CPU(s); MAXMHZ=4560 MHz — advisory)
==> Setting CPU governor to performance...
==> Resetting cset shield (demo 10 needs all 8 cores, core 0 included)...
==> Capturing the 8x8 matrix (28 pairs x 20 placements + baselines)...
==== demo 10 — core-to-core ping-pong ====
isolated cores : 1-7   nohz_full: 1-7
graphical.target: inactive
TSC->ns factor : 0.256409 ns/cycle  (~3.900 GHz invariant TSC)
invariant TSC  : constant_tsc=yes nonstop_tsc=yes
arena pool     : 20 x 2 MiB independent private mappings, held live simultaneously
                 (distinct physical frames by construction) — 20/20 THP-backed
  arena  0     : 0x758da2c00000  THP (AnonHugePages=2048 kB)
  arena  1     : 0x758da2800000  THP (AnonHugePages=2048 kB)
  arena  2     : 0x758da2400000  THP (AnonHugePages=2048 kB)
  arena  3     : 0x758da2000000  THP (AnonHugePages=2048 kB)
  arena  4     : 0x758da1c00000  THP (AnonHugePages=2048 kB)
  arena  5     : 0x758da1800000  THP (AnonHugePages=2048 kB)
  arena  6     : 0x758da1400000  THP (AnonHugePages=2048 kB)
  arena  7     : 0x758da1000000  THP (AnonHugePages=2048 kB)
  arena  8     : 0x758da0c00000  THP (AnonHugePages=2048 kB)
  arena  9     : 0x758da0800000  THP (AnonHugePages=2048 kB)
  arena 10     : 0x758da0400000  THP (AnonHugePages=2048 kB)
  arena 11     : 0x758da0000000  THP (AnonHugePages=2048 kB)
  arena 12     : 0x758d9fc00000  THP (AnonHugePages=2048 kB)
  arena 13     : 0x758d9f800000  THP (AnonHugePages=2048 kB)
  arena 14     : 0x758d9f400000  THP (AnonHugePages=2048 kB)
  arena 15     : 0x758d9f000000  THP (AnonHugePages=2048 kB)
  arena 16     : 0x758d9ec00000  THP (AnonHugePages=2048 kB)
  arena 17     : 0x758d9e800000  THP (AnonHugePages=2048 kB)
  arena 18     : 0x758d9e400000  THP (AnonHugePages=2048 kB)
  arena 19     : 0x758d9e000000  THP (AnonHugePages=2048 kB)
sh: 1: cannot open /proc/device-tree/model: No such file
capture: 8 cores, 28 unordered pairs, 20 placements/cell (one per pool arena), K=1000, windows=20, warmup=5
  baseline core 0...
  baseline core 1...
  baseline core 2...
  baseline core 3...
  baseline core 4...
  baseline core 5...
  baseline core 6...
  baseline core 7...
  pair (0,1)...
  pair (0,2)...
  pair (0,3)...
  pair (0,4)...
  pair (0,5)...
  pair (0,6)...
  pair (0,7)...
  pair (1,2)...
  pair (1,3)...
  pair (1,4)...
  pair (1,5)...
  pair (1,6)...
  pair (1,7)...
  pair (2,3)...
  pair (2,4)...
  pair (2,5)...
  pair (2,6)...
  pair (2,7)...
  pair (3,4)...
  pair (3,5)...
  pair (3,6)...
  pair (3,7)...
  pair (4,5)...
  pair (4,6)...
  pair (4,7)...
  pair (5,6)...
  pair (5,7)...
  pair (6,7)...
==> Capturing the slice-sweep exhibit (full 2 MiB huge page)...
==== demo 10 — core-to-core ping-pong ====
isolated cores : 1-7   nohz_full: 1-7
graphical.target: inactive
TSC->ns factor : 0.256410 ns/cycle  (~3.900 GHz invariant TSC)
invariant TSC  : constant_tsc=yes nonstop_tsc=yes
arena pool     : 1 x 2 MiB independent private mappings, held live simultaneously
                 (distinct physical frames by construction) — 1/1 THP-backed
  arena  0     : 0x705d6b000000  THP (AnonHugePages=2048 kB)
sh: 1: cannot open /proc/device-tree/model: No such file
slice sweep: intra (1,2), cross (1,4), range=2097024 B, step=64
  sweeping pair (1,2)...
  sweeping pair (1,4)...
==> Capturing the protocol-comparison exhibit (exchange vs twoflag)...
==== demo 10 — core-to-core ping-pong ====
isolated cores : 1-7   nohz_full: 1-7
graphical.target: inactive
TSC->ns factor : 0.256409 ns/cycle  (~3.900 GHz invariant TSC)
invariant TSC  : constant_tsc=yes nonstop_tsc=yes
arena pool     : 20 x 2 MiB independent private mappings, held live simultaneously
                 (distinct physical frames by construction) — 20/20 THP-backed
  arena  0     : 0x76659e200000  THP (AnonHugePages=2048 kB)
  arena  1     : 0x76659de00000  THP (AnonHugePages=2048 kB)
  arena  2     : 0x76659da00000  THP (AnonHugePages=2048 kB)
  arena  3     : 0x76659d600000  THP (AnonHugePages=2048 kB)
  arena  4     : 0x76659d200000  THP (AnonHugePages=2048 kB)
  arena  5     : 0x76659ce00000  THP (AnonHugePages=2048 kB)
  arena  6     : 0x76659ca00000  THP (AnonHugePages=2048 kB)
  arena  7     : 0x76659c600000  THP (AnonHugePages=2048 kB)
  arena  8     : 0x76659c200000  THP (AnonHugePages=2048 kB)
  arena  9     : 0x76659be00000  THP (AnonHugePages=2048 kB)
  arena 10     : 0x76659ba00000  THP (AnonHugePages=2048 kB)
  arena 11     : 0x76659b600000  THP (AnonHugePages=2048 kB)
  arena 12     : 0x76659b200000  THP (AnonHugePages=2048 kB)
  arena 13     : 0x76659ae00000  THP (AnonHugePages=2048 kB)
  arena 14     : 0x76659aa00000  THP (AnonHugePages=2048 kB)
  arena 15     : 0x76659a600000  THP (AnonHugePages=2048 kB)
  arena 16     : 0x76659a200000  THP (AnonHugePages=2048 kB)
  arena 17     : 0x766599e00000  THP (AnonHugePages=2048 kB)
  arena 18     : 0x766599a00000  THP (AnonHugePages=2048 kB)
  arena 19     : 0x766599600000  THP (AnonHugePages=2048 kB)
sh: 1: cannot open /proc/device-tree/model: No such file
  exchange pair (1,2)...
  exchange pair (1,4)...
  twoflag pair (1,2)...
  twoflag pair (1,4)...
==> Validating emitted JSON...
==> Matrix arena pool: 20/20 arenas THP-backed
==> Archiving the previous captures (second-capture convention, demos 05-08)...
==> Done: /home/gcooke/Development/Crucible/site/src/data/perf/10-core-to-core.json
          /home/gcooke/Development/Crucible/site/src/data/perf/10-core-to-core.slice-sweep.json
          /home/gcooke/Development/Crucible/site/src/data/perf/10-core-to-core.protocol.json
=== exit 0 ===
